// Jest Snapshot v1, https://goo.gl/fbAQLP

exports[`Sorting correctly renders after relaunch 1`] = `
<form
  action="#"
  className="places__sorting"
  method="get"
  onSubmit={[Function]}
>
  <span
    className="places__sorting-caption"
  >
    Sort by
  </span>
  <Select
    className="places__sorting-type"
    id="places-sorting"
    onChange={[MockFunction]}
    optionClassName="places__option"
    options={
      Array [
        Object {
          "text": "Popular",
          "value": "popular",
        },
        Object {
          "text": "Price: low to high",
          "value": "to-high",
        },
        Object {
          "text": "Price: high to low",
          "value": "to-low",
        },
        Object {
          "text": "Top rated first",
          "value": "top-rated",
        },
      ]
    }
    value="to-high"
  />
</form>
`;
