// Jest Snapshot v1, https://goo.gl/fbAQLP

exports[`Offer card correctly renders after relaunch 1`] = `
<article
  className="place-card"
  onMouseEnter={[Function]}
  onMouseLeave={[Function]}
>
  <div
    className="place-card__image-wrapper"
  >
    <ForwardRef
      to="/offer/1"
    >
      <img
        alt="Place image"
        className="place-card__image"
        height={10}
        src="img/1.png"
        width={10}
      />
    </ForwardRef>
  </div>
  <div
    className="place-card__info"
  >
    <div
      className="place-card__price-wrapper"
    >
      <div
        className="place-card__price"
      >
        <b
          className="place-card__price-value"
        >
          €
          1200
        </b>
        <span
          className="place-card__price-text"
        >
          / night
        </span>
      </div>
      <Memo(Connect(withRouter(Bookmark)))
        className="place-card__bookmark-button"
        iconClassName="place-card__bookmark-icon"
        offer={
          Object {
            "bedrooms": 3,
            "city": Object {
              "location": Object {
                "latitude": 52.370216,
                "longitude": 4.895168,
                "zoom": 10,
              },
              "name": "Amsterdam",
            },
            "description": "A quiet cozy and picturesque that hides behind a a river by the unique lightness of Amsterdam.",
            "goods": Array [
              "Heating",
              "Kitchen",
              "Cable TV",
              "Washing machine",
              "Coffee machine",
              "Dishwasher",
            ],
            "host": Object {
              "avatar": "img/1.png",
              "id": 3,
              "isPro": true,
              "name": "Angelina",
            },
            "id": 1,
            "images": Array [
              "img/1.png",
              "img/2.png",
            ],
            "isFavorite": false,
            "isPremium": false,
            "location": Object {
              "latitude": 52.35514938496378,
              "longitude": 4.673877537499948,
              "zoom": 8,
            },
            "maxAdults": 4,
            "preview": "img/1.png",
            "price": 1200,
            "rating": 4.8,
            "title": "Beautiful & luxurious studio at great location",
            "type": "apartment",
          }
        }
      />
    </div>
    <Rating
      className="place-card__rating"
      starsClassName="place-card__stars"
      value={4.8}
    />
    <h2
      className="place-card__name"
    >
      <ForwardRef
        to="/offer/1"
      >
        Beautiful & luxurious studio at great location
      </ForwardRef>
    </h2>
    <p
      className="place-card__type"
    >
      apartment
    </p>
  </div>
</article>
`;
