// Jest Snapshot v1, https://goo.gl/fbAQLP

exports[`Offers list correctly renders after relaunch 1`] = `
<div
  className="cities__places-list places__list tabs__content"
>
  <withRouter(Connect(OfferCard))
    offer={Object {}}
    onHover={[Function]}
    onTitleClick={[MockFunction]}
  />
  <withRouter(Connect(OfferCard))
    offer={Object {}}
    onHover={[Function]}
    onTitleClick={[MockFunction]}
  />
</div>
`;
