// Jest Snapshot v1, https://goo.gl/fbAQLP

exports[`Offers list correctly renders after relaunch 1`] = `
<ul
  className="reviews__list"
>
  <Review
    commentData={
      Object {
        "comment": "A quiet cozy and picturesque that hides behind a a river by the unique lightness of Amsterdam.",
        "date": "2019-05-08T14:13:56.569Z",
        "id": 1,
        "rating": 4,
        "user": Object {
          "avatar": "img/1.png",
          "id": 4,
          "isPro": false,
          "name": "Max",
        },
      }
    }
  />
  <Review
    commentData={
      Object {
        "comment": "A quiet cozy and picturesque that hides behind a a river by the unique lightness of Amsterdam.",
        "date": "2019-05-08T14:13:56.569Z",
        "id": 2,
        "rating": 4,
        "user": Object {
          "avatar": "img/1.png",
          "id": 4,
          "isPro": false,
          "name": "Max",
        },
      }
    }
  />
  <Review
    commentData={
      Object {
        "comment": "A quiet cozy and picturesque that hides behind a a river by the unique lightness of Amsterdam.",
        "date": "2019-05-08T14:13:56.569Z",
        "id": 3,
        "rating": 4,
        "user": Object {
          "avatar": "img/1.png",
          "id": 4,
          "isPro": false,
          "name": "Max",
        },
      }
    }
  />
</ul>
`;
