// Jest Snapshot v1, https://goo.gl/fbAQLP

exports[`Favorites page correctly renders after relaunch 1`] = `"House"`;
