// Jest Snapshot v1, https://goo.gl/fbAQLP

exports[`Favorites page correctly renders after relaunch 1`] = `
<div
  className="page"
>
  <Memo(Connect(Header)) />
  <main
    className="page__main page__main--property"
  >
    <section
      className="property"
    >
      <div
        className="property__gallery-container container"
      >
        <div
          className="property__gallery"
        >
          <div
            className="property__image-wrapper"
          >
            <img
              alt="Photo studio"
              className="property__image"
              src="img/1.png"
            />
          </div>
          <div
            className="property__image-wrapper"
          >
            <img
              alt="Photo studio"
              className="property__image"
              src="img/2.png"
            />
          </div>
        </div>
      </div>
      <div
        className="property__container container"
      >
        <div
          className="property__wrapper"
        >
          <div
            className="property__name-wrapper"
          >
            <h1
              className="property__name"
            >
              Beautiful & luxurious studio at great location
            </h1>
            <Memo(Connect(withRouter(Bookmark)))
              className="property__bookmark-button"
              iconClassName="property__bookmark-icon"
              isLarge={true}
              offer={
                Object {
                  "bedrooms": 3,
                  "city": Object {
                    "location": Object {
                      "latitude": 52.370216,
                      "longitude": 4.895168,
                      "zoom": 10,
                    },
                    "name": "Amsterdam",
                  },
                  "description": "A quiet cozy and picturesque that hides behind a a river by the unique lightness of Amsterdam.",
                  "goods": Array [
                    "Heating",
                    "Kitchen",
                    "Cable TV",
                    "Washing machine",
                    "Coffee machine",
                    "Dishwasher",
                  ],
                  "host": Object {
                    "avatar": "img/1.png",
                    "id": 3,
                    "isPro": true,
                    "name": "Angelina",
                  },
                  "id": 1,
                  "images": Array [
                    "img/1.png",
                    "img/2.png",
                  ],
                  "isFavorite": false,
                  "isPremium": false,
                  "location": Object {
                    "latitude": 52.35514938496378,
                    "longitude": 4.673877537499948,
                    "zoom": 8,
                  },
                  "maxAdults": 4,
                  "preview": "img/1.png",
                  "price": 1200,
                  "rating": 4.8,
                  "title": "Beautiful & luxurious studio at great location",
                  "type": "apartment",
                }
              }
            />
          </div>
          <Rating
            className="property__rating"
            isValueVisible={true}
            starsClassName="property__stars"
            value={4.8}
            valueClassName="property__rating-value"
          />
          <ul
            className="property__features"
          >
            <li
              className="property__feature property__feature--entire"
            >
              apartment
            </li>
            <li
              className="property__feature property__feature--bedrooms"
            >
              3
               Bedrooms
            </li>
            <li
              className="property__feature property__feature--adults"
            >
              Max 
              4
               adults
            </li>
          </ul>
          <div
            className="property__price"
          >
            <b
              className="property__price-value"
            >
              €
              1200
            </b>
            <span
              className="property__price-text"
            >
               night
            </span>
          </div>
          <div
            className="property__inside"
          >
            <h2
              className="property__inside-title"
            >
              What's inside
            </h2>
            <ul
              className="property__inside-list"
            >
              <li
                className="property__inside-item"
              >
                Heating
              </li>
              <li
                className="property__inside-item"
              >
                Kitchen
              </li>
              <li
                className="property__inside-item"
              >
                Cable TV
              </li>
              <li
                className="property__inside-item"
              >
                Washing machine
              </li>
              <li
                className="property__inside-item"
              >
                Coffee machine
              </li>
              <li
                className="property__inside-item"
              >
                Dishwasher
              </li>
            </ul>
          </div>
          <div
            className="property__host"
          >
            <h2
              className="property__host-title"
            >
              Meet the host
            </h2>
            <div
              className="property__host-user user"
            >
              <div
                className="user__avatar-wrapper property__avatar-wrapper property__avatar-wrapper--pro"
              >
                <img
                  alt="Host avatar"
                  className="property__avatar user__avatar"
                  height={74}
                  src="/img/1.png"
                  width={74}
                />
              </div>
              <span
                className="property__user-name"
              >
                Angelina
              </span>
              <span
                className="property__user-status"
              >
                Pro
              </span>
            </div>
            <div
              className="property__description"
            >
              <p
                className="property__text"
              >
                A quiet cozy and picturesque that hides behind a a river by the unique lightness of Amsterdam.
              </p>
            </div>
          </div>
          <section
            className="property__reviews reviews"
          >
            <h2
              className="reviews__title"
            >
              Reviews · 
              <span
                className="reviews__amount"
              >
                3
              </span>
            </h2>
            <ReviewsList
              comments={
                Array [
                  Object {
                    "comment": "A quiet cozy and picturesque that hides behind a a river by the unique lightness of Amsterdam.",
                    "date": "2019-05-08T14:13:56.569Z",
                    "id": 1,
                    "rating": 4,
                    "user": Object {
                      "avatar": "img/1.png",
                      "id": 4,
                      "isPro": false,
                      "name": "Max",
                    },
                  },
                  Object {
                    "comment": "A quiet cozy and picturesque that hides behind a a river by the unique lightness of Amsterdam.",
                    "date": "2019-05-08T14:13:56.569Z",
                    "id": 2,
                    "rating": 4,
                    "user": Object {
                      "avatar": "img/1.png",
                      "id": 4,
                      "isPro": false,
                      "name": "Max",
                    },
                  },
                  Object {
                    "comment": "A quiet cozy and picturesque that hides behind a a river by the unique lightness of Amsterdam.",
                    "date": "2019-05-08T14:13:56.569Z",
                    "id": 3,
                    "rating": 4,
                    "user": Object {
                      "avatar": "img/1.png",
                      "id": 4,
                      "isPro": false,
                      "name": "Max",
                    },
                  },
                ]
              }
            />
          </section>
        </div>
      </div>
      <CityMap
        activeItem={
          Object {
            "bedrooms": 3,
            "city": Object {
              "location": Object {
                "latitude": 52.370216,
                "longitude": 4.895168,
                "zoom": 10,
              },
              "name": "Amsterdam",
            },
            "description": "A quiet cozy and picturesque that hides behind a a river by the unique lightness of Amsterdam.",
            "goods": Array [
              "Heating",
              "Kitchen",
              "Cable TV",
              "Washing machine",
              "Coffee machine",
              "Dishwasher",
            ],
            "host": Object {
              "avatar": "img/1.png",
              "id": 3,
              "isPro": true,
              "name": "Angelina",
            },
            "id": 1,
            "images": Array [
              "img/1.png",
              "img/2.png",
            ],
            "isFavorite": false,
            "isPremium": false,
            "location": Object {
              "latitude": 52.35514938496378,
              "longitude": 4.673877537499948,
              "zoom": 8,
            },
            "maxAdults": 4,
            "preview": "img/1.png",
            "price": 1200,
            "rating": 4.8,
            "title": "Beautiful & luxurious studio at great location",
            "type": "apartment",
          }
        }
        className="property__map"
        initialLocation={
          Object {
            "latitude": 52.35514938496378,
            "longitude": 4.673877537499948,
            "zoom": 8,
          }
        }
        items={
          Array [
            Object {
              "bedrooms": 3,
              "city": Object {
                "location": Object {
                  "latitude": 52.370216,
                  "longitude": 4.895168,
                  "zoom": 10,
                },
                "name": "Amsterdam",
              },
              "description": "A quiet cozy and picturesque that hides behind a a river by the unique lightness of Amsterdam.",
              "goods": Array [
                "Heating",
                "Kitchen",
                "Cable TV",
                "Washing machine",
                "Coffee machine",
                "Dishwasher",
              ],
              "host": Object {
                "avatar": "img/1.png",
                "id": 3,
                "isPro": true,
                "name": "Angelina",
              },
              "id": 1,
              "images": Array [
                "img/1.png",
                "img/2.png",
              ],
              "isFavorite": false,
              "isPremium": false,
              "location": Object {
                "latitude": 52.35514938496378,
                "longitude": 4.673877537499948,
                "zoom": 8,
              },
              "maxAdults": 4,
              "preview": "img/1.png",
              "price": 1200,
              "rating": 4.8,
              "title": "Beautiful & luxurious studio at great location",
              "type": "apartment",
            },
            Object {
              "bedrooms": 3,
              "city": Object {
                "location": Object {
                  "latitude": 52.370216,
                  "longitude": 4.895168,
                  "zoom": 10,
                },
                "name": "Amsterdam",
              },
              "description": "A quiet cozy and picturesque that hides behind a a river by the unique lightness of Amsterdam.",
              "goods": Array [
                "Heating",
                "Kitchen",
                "Cable TV",
                "Washing machine",
                "Coffee machine",
                "Dishwasher",
              ],
              "host": Object {
                "avatar": "img/1.png",
                "id": 3,
                "isPro": true,
                "name": "Angelina",
              },
              "id": 2,
              "images": Array [
                "img/1.png",
                "img/2.png",
              ],
              "isFavorite": false,
              "isPremium": false,
              "location": Object {
                "latitude": 52.35514938496378,
                "longitude": 4.673877537499948,
                "zoom": 8,
              },
              "maxAdults": 4,
              "preview": "img/1.png",
              "price": 120,
              "rating": 4.8,
              "title": "Beautiful & luxurious studio at great location",
              "type": "apartment",
            },
            Object {
              "bedrooms": 3,
              "city": Object {
                "location": Object {
                  "latitude": 52.370216,
                  "longitude": 4.895168,
                  "zoom": 10,
                },
                "name": "Tel Aviv",
              },
              "description": "A quiet cozy and picturesque that hides behind a a river by the unique lightness of Amsterdam.",
              "goods": Array [
                "Heating",
                "Kitchen",
                "Cable TV",
                "Washing machine",
                "Coffee machine",
                "Dishwasher",
              ],
              "host": Object {
                "avatar": "img/1.png",
                "id": 3,
                "isPro": true,
                "name": "Angelina",
              },
              "id": 3,
              "images": Array [
                "img/1.png",
                "img/2.png",
              ],
              "isFavorite": false,
              "isPremium": false,
              "location": Object {
                "latitude": 52.35514938496378,
                "longitude": 4.673877537499948,
                "zoom": 8,
              },
              "maxAdults": 4,
              "preview": "img/1.png",
              "price": 120,
              "rating": 4.8,
              "title": "Beautiful & luxurious studio at great location",
              "type": "apartment",
            },
          ]
        }
      />
    </section>
    <div
      className="container"
    >
      <section
        className="near-places places"
      >
        <h2
          className="near-places__title"
        >
          Other places in the neighbourhood
        </h2>
        <OffersList
          cardClassName="near-places__card"
          className="near-places__list"
          imageHeight={200}
          imageWidth={260}
          imageWrapperClassName="near-places__image-wrapper"
          places={
            Array [
              Object {
                "bedrooms": 3,
                "city": Object {
                  "location": Object {
                    "latitude": 52.370216,
                    "longitude": 4.895168,
                    "zoom": 10,
                  },
                  "name": "Amsterdam",
                },
                "description": "A quiet cozy and picturesque that hides behind a a river by the unique lightness of Amsterdam.",
                "goods": Array [
                  "Heating",
                  "Kitchen",
                  "Cable TV",
                  "Washing machine",
                  "Coffee machine",
                  "Dishwasher",
                ],
                "host": Object {
                  "avatar": "img/1.png",
                  "id": 3,
                  "isPro": true,
                  "name": "Angelina",
                },
                "id": 2,
                "images": Array [
                  "img/1.png",
                  "img/2.png",
                ],
                "isFavorite": false,
                "isPremium": false,
                "location": Object {
                  "latitude": 52.35514938496378,
                  "longitude": 4.673877537499948,
                  "zoom": 8,
                },
                "maxAdults": 4,
                "preview": "img/1.png",
                "price": 120,
                "rating": 4.8,
                "title": "Beautiful & luxurious studio at great location",
                "type": "apartment",
              },
              Object {
                "bedrooms": 3,
                "city": Object {
                  "location": Object {
                    "latitude": 52.370216,
                    "longitude": 4.895168,
                    "zoom": 10,
                  },
                  "name": "Tel Aviv",
                },
                "description": "A quiet cozy and picturesque that hides behind a a river by the unique lightness of Amsterdam.",
                "goods": Array [
                  "Heating",
                  "Kitchen",
                  "Cable TV",
                  "Washing machine",
                  "Coffee machine",
                  "Dishwasher",
                ],
                "host": Object {
                  "avatar": "img/1.png",
                  "id": 3,
                  "isPro": true,
                  "name": "Angelina",
                },
                "id": 3,
                "images": Array [
                  "img/1.png",
                  "img/2.png",
                ],
                "isFavorite": false,
                "isPremium": false,
                "location": Object {
                  "latitude": 52.35514938496378,
                  "longitude": 4.673877537499948,
                  "zoom": 8,
                },
                "maxAdults": 4,
                "preview": "img/1.png",
                "price": 120,
                "rating": 4.8,
                "title": "Beautiful & luxurious studio at great location",
                "type": "apartment",
              },
            ]
          }
        />
      </section>
    </div>
  </main>
</div>
`;
