// Jest Snapshot v1, https://goo.gl/fbAQLP

exports[`Bookmark correctly renders after relaunch 1`] = `
<li
  className="reviews__item"
>
  <div
    className="reviews__user user"
  >
    <div
      className="reviews__avatar-wrapper user__avatar-wrapper"
    >
      <img
        alt="Reviews avatar"
        className="reviews__avatar user__avatar"
        height={54}
        src="img/1.png"
        width={54}
      />
    </div>
    <span
      className="reviews__user-name"
    >
      Max
    </span>
  </div>
  <div
    className="reviews__info"
  >
    <Rating
      className="reviews__rating"
      starsClassName="reviews__stars"
      value={4}
    />
    <p
      className="reviews__text"
    >
      A quiet cozy and picturesque that hides behind a a river by the unique lightness of Amsterdam.
    </p>
    <time
      className="reviews__time"
      dateTime="2019-05-08T17:13:56+03:00"
    >
      May 2019
    </time>
  </div>
</li>
`;
