// Jest Snapshot v1, https://goo.gl/fbAQLP

exports[`Main page correctly renders after relaunch 1`] = `
<main
  className="page__main page__main--index"
>
  <h1
    className="visually-hidden"
  >
    Cities
  </h1>
  <Memo(Connect(Locations))
    currentCity="Amsterdam"
    offers={
      Array [
        Object {
          "city": "Amsterdam",
          "initialCoordinates": Array [
            52.38333,
            4.9,
          ],
          "places": Array [
            Object {
              "coordinates": Array [
                52.3909553943508,
                4.85309666406198,
              ],
              "isPremium": true,
              "price": 120,
              "rating": 93,
              "src": "img/apartment-01.jpg",
              "title": "Beautiful & luxurious apartment at great location",
              "type": "Apartment",
            },
            Object {
              "coordinates": Array [
                52.369553943508,
                4.85309666406198,
              ],
              "isPremium": false,
              "price": 80,
              "rating": 80,
              "src": "img/room.jpg",
              "title": "Wood and stone place",
              "type": "Private room",
            },
            Object {
              "coordinates": Array [
                52.3909553943508,
                4.929309666406198,
              ],
              "isPremium": false,
              "price": 132,
              "rating": 80,
              "src": "img/apartment-02.jpg",
              "title": "Canal View Prinsengracht",
              "type": "Apartment",
            },
            Object {
              "coordinates": Array [
                52.3809553943508,
                4.939309666406198,
              ],
              "isPremium": true,
              "price": 180,
              "rating": 100,
              "src": "img/apartment-03.jpg",
              "title": "Nice, cozy, warm big bed apartment",
              "type": "Apartment",
            },
          ],
        },
        Object {
          "city": "Paris",
          "initialCoordinates": Array [
            48.864716,
            2.349014,
          ],
          "places": Array [],
        },
        Object {
          "city": "Hamburg",
          "initialCoordinates": Array [
            53.551086,
            9.993682,
          ],
          "places": Array [],
        },
      ]
    }
  />
  <div
    className="cities"
  >
    <div
      className="cities__places-container container"
    >
      <section
        className="cities__places places"
      >
        <h2
          className="visually-hidden"
        >
          Places
        </h2>
        <b
          className="places__found"
        >
          2
           places to stay in 
          Amsterdam
        </b>
        <form
          action="#"
          className="places__sorting"
          method="get"
        >
          <span
            className="places__sorting-caption"
          >
            Sort by
          </span>
          <span
            className="places__sorting-type"
            tabIndex={0}
          >
            Popular
            <svg
              className="places__sorting-arrow"
              height={4}
              width={7}
            >
              <use
                xlinkHref="#icon-arrow-select"
              />
            </svg>
          </span>
          <ul
            className="places__options places__options--custom places__options--opened"
          >
            <li
              className="places__option places__option--active"
              tabIndex={0}
            >
              Popular
            </li>
            <li
              className="places__option"
              tabIndex={0}
            >
              Price: low to high
            </li>
            <li
              className="places__option"
              tabIndex={0}
            >
              Price: high to low
            </li>
            <li
              className="places__option"
              tabIndex={0}
            >
              Top rated first
            </li>
          </ul>
        </form>
        <OffersList
          onCardTitleClick={[MockFunction]}
          places={
            Array [
              Object {},
              Object {},
            ]
          }
        />
      </section>
      <div
        className="cities__right-section"
      >
        <CityMap
          initialCity={
            Object {
              "coordinates": undefined,
              "name": "Amsterdam",
            }
          }
          items={
            Array [
              Object {},
              Object {},
            ]
          }
        />
      </div>
    </div>
  </div>
</main>
`;
