// Jest Snapshot v1, https://goo.gl/fbAQLP

exports[`Bookmark correctly renders after relaunch 1`] = `
<button
  className="button"
  onClick={[Function]}
  type="button"
>
  <svg
    height={19}
    width={18}
  >
    <use
      xlinkHref="#icon-bookmark"
    />
  </svg>
  <span
    className="visually-hidden"
  >
    To bookmarks
  </span>
</button>
`;
